[1m[93mwarning[0m[1m[97m: variable does not need to be mutable[0m
   [1m[96m--> [0mcrates\nebula-storage\src\pager.rs:379:14
    [1m[96m|[0m
[1m[96m379[0m [1m[96m|[0m         let (mut p, cat) = Pager::open(&path, "pw12345678").unwrap();
    [1m[96m|[0m              [1m[96m----[0m[1m[93m^[0m
    [1m[96m|[0m              [1m[96m|[0m
    [1m[96m|[0m              [1m[96mhelp: remove this `mut`[0m
    [1m[96m|[0m
    [1m[96m= [0m[1m[97mnote[0m: `#[warn(unused_mut)]` (part of `#[warn(unused)]`) on by default

[1m[93mwarning[0m[1m[97m: unused variable: `p`[0m
   [1m[96m--> [0mcrates\nebula-storage\src\pager.rs:379:14
    [1m[96m|[0m
[1m[96m379[0m [1m[96m|[0m         let (mut p, cat) = Pager::open(&path, "pw12345678").unwrap();
    [1m[96m|[0m              [1m[93m^^^^^[0m [1m[93mhelp: if this is intentional, prefix it with an underscore: `_p`[0m
    [1m[96m|[0m
    [1m[96m= [0m[1m[97mnote[0m: `#[warn(unused_variables)]` (part of `#[warn(unused)]`) on by default

[1m[93mwarning[0m: `nebula-storage` (lib test) generated 2 warnings (run `cargo fix --lib -p nebula-storage --tests` to apply 2 suggestions)
[1m[93mwarning[0m[1m[97m: variable does not need to be mutable[0m
  [1m[96m--> [0mcrates\nebula-storage\tests\memory_file.rs:94:9
   [1m[96m|[0m
[1m[96m94[0m [1m[96m|[0m     let mut f = MemoryFile::open(&path, "pw12345678").unwrap();
   [1m[96m|[0m         [1m[96m----[0m[1m[93m^[0m
   [1m[96m|[0m         [1m[96m|[0m
   [1m[96m|[0m         [1m[96mhelp: remove this `mut`[0m
   [1m[96m|[0m
   [1m[96m= [0m[1m[97mnote[0m: `#[warn(unused_mut)]` (part of `#[warn(unused)]`) on by default

[1m[93mwarning[0m: `nebula-storage` (test "memory_file") generated 1 warning (run `cargo fix --test "memory_file" -p nebula-storage` to apply 1 suggestion)
[1m[93mwarning[0m[1m[97m: variable does not need to be mutable[0m
    [1m[96m--> [0mcrates\nebula-engine\src\executor.rs:1220:13
     [1m[96m|[0m
[1m[96m1220[0m [1m[96m|[0m         let mut host = RestrictedHost { db: db("denied") };
     [1m[96m|[0m             [1m[96m----[0m[1m[93m^^^^[0m
     [1m[96m|[0m             [1m[96m|[0m
     [1m[96m|[0m             [1m[96mhelp: remove this `mut`[0m
     [1m[96m|[0m
     [1m[96m= [0m[1m[97mnote[0m: `#[warn(unused_mut)]` (part of `#[warn(unused)]`) on by default

[1m[93mwarning[0m[1m[97m: variable does not need to be mutable[0m
    [1m[96m--> [0mcrates\nebula-engine\src\executor.rs:1222:13
     [1m[96m|[0m
[1m[96m1222[0m [1m[96m|[0m         let mut users = Restricted;
     [1m[96m|[0m             [1m[96m----[0m[1m[93m^^^^^[0m
     [1m[96m|[0m             [1m[96m|[0m
     [1m[96m|[0m             [1m[96mhelp: remove this `mut`[0m

[1m[93mwarning[0m: `nebula-engine` (lib test) generated 2 warnings (run `cargo fix --lib -p nebula-engine --tests` to apply 2 suggestions)
[1m[92m    Finished[0m ]8;;https://doc.rust-lang.org/cargo/reference/profiles.html#default-profiles\`test` profile [unoptimized + debuginfo]]8;;\ target(s) in 0.17s
[1m[92m     Running[0m unittests src\main.rs (target\debug\deps\nebula-fdab302aa2c3c54a.exe)

running 4 tests
test render::tests::basic_table_shape ... ok
test render::tests::multiline_and_truncation ... ok
test repl::tests::meta_commands_recognized ... ok
test render::tests::row_cap_note ... ok

test result: ok. 4 passed; 0 failed; 0 ignored; 0 measured; 0 filtered out; finished in 0.00s

[1m[92m     Running[0m unittests src\lib.rs (target\debug\deps\nebula_cluster-651e2b9e9b1d0dde.exe)

running 6 tests
test tests::cluster_creates_default_admin_and_main ... ok
test tests::non_admin_cannot_write_without_grant ... ok
test tests::create_drop_database_lifecycle ... ok
test tests::grants_enforced_across_files ... ok
test tests::auto_mounts_ndb_files_on_open ... ok
test tests::admin_state_survives_reopen ... ok

test result: ok. 6 passed; 0 failed; 0 ignored; 0 measured; 0 filtered out; finished in 5.53s

[1m[92m     Running[0m unittests src\lib.rs (target\debug\deps\nebula_config-cc897a76c320548f.exe)

running 13 tests
test tests::config_dir_naming ... ok
test tests::cache_section_parses ... ok
test tests::partial_config_falls_back_to_defaults ... ok
test tests::search_section_parses ... ok
test tests::validation_rejects_bad_values ... ok
test tests::unknown_keys_are_ignored ... ok
test tests::stopwords_path_cannot_escape_dir ... ok
test tests::validation_rejects_preload_without_doc_cache ... ok
test tests::template_parses_to_defaults ... ok
test tests::validation_rejects_bad_search_values ... ok
test tests::custom_stopwords_file ... ok
test tests::write_then_load_roundtrip ... ok
test tests::edited_config_is_picked_up ... ok

test result: ok. 13 passed; 0 failed; 0 ignored; 0 measured; 0 filtered out; finished in 0.01s

[1m[92m     Running[0m unittests src\lib.rs (target\debug\deps\nebula_core-b00511bec531acb7.exe)

running 10 tests
test codec::tests::roundtrip_primitives ... ok
test codec::tests::roundtrip_struct ... ok
test logger::tests::level_parse_accepts_aliases ... ok
test logger::tests::logging_uninitialized_is_safe ... ok
test logger::tests::utc_known_epoch_values ... ok
test types::tests::keyword_roundtrip ... ok
test types::tests::record_roundtrip ... ok
test types::tests::v1_record_without_db_decodes_as_main ... ok
test types::tests::v2_record_carries_db ... ok
test logger::tests::file_logger_writes_and_rotates ... ok

test result: ok. 10 passed; 0 failed; 0 ignored; 0 measured; 0 filtered out; finished in 0.00s

[1m[92m     Running[0m unittests src\lib.rs (target\debug\deps\nebula_crypto-cc2d639ac434d8d1.exe)

running 6 tests
test tests::hkdf_domain_separation ... ok
test tests::truncated_blob_fails ... ok
test tests::wrong_key_fails ... ok
test tests::seal_open_roundtrip ... ok
test tests::tampered_aad_fails ... ok
test tests::derive_key_is_deterministic_and_salted ... ok

test result: ok. 6 passed; 0 failed; 0 ignored; 0 measured; 0 filtered out; finished in 1.34s

[1m[92m     Running[0m unittests src\lib.rs (target\debug\deps\nebula_engine-06597ad23c5414cc.exe)

running 46 tests
test cache::tests::doc_cache_disabled_when_zero_capacity ... ok
test cache::tests::doc_cache_same_id_in_different_dbs_is_independent ... ok
test cache::tests::doc_cache_put_get_and_lru ... ok
test cache::tests::doc_cache_evict_and_set_capacity ... ok
test cache::tests::query_cache_disabled_when_zero_capacity ... ok
test cache::tests::query_cache_distinguishes_db_lists ... ok
test cache::tests::query_cache_distinguishes_limit_and_kind ... ok
test cache::tests::query_cache_invalidate_and_clear ... ok
test cache::tests::query_cache_put_get_and_lru ... ok
test cache::tests::query_cache_set_capacity_evicts ... ok
test database::tests::db_name_normalization_rules ... ok
test config::tests::default_values_match_template ... ok
test format::tests::time_format_known_values ... ok
test format::tests::keyword_and_point_formatting ... ok
test index::tests::create_and_drop_db ... ok
test index::tests::empty_legacy_snapshot_has_no_dbs ... ok
test index::tests::legacy_snapshot_with_stats_without_heat_loads ... ok
test index::tests::legacy_snapshot_without_stats_loads ... ok
test index::tests::hottest_orders_by_heat_then_id ... ok
test index::tests::next_id_allocates_per_db ... ok
test index::tests::remove_cleans_postings_and_heat ... ok
test index::tests::snapshot_roundtrip_multi_db ... ok
test search::tests::bm25_ranks_more_relevant_doc_first ... ok
test search::tests::bm25_respects_length_normalization ... ok
test search::tests::cosine_similarity ... ok
test search::tests::empty_stats_encode_decode ... ok
test search::tests::remove_doc_keeps_other_pairs ... ok
test search::tests::expand_uses_cooccurrence ... ok
test search::tests::expand_disabled_and_capped ... ok
test search::tests::set_and_remove_doc ... ok
test search::tests::snapshot_roundtrip ... ok
test database::tests::insert_fetch_and_location_per_db ... ok
test executor::tests::use_changes_session_db ... ok
test database::tests::search_by_keyword_is_scoped_per_db ... ok
test executor::tests::crud_roundtrip ... ok
test executor::tests::transaction_rollback_restores_insert_update_delete ... ok
test executor::tests::ddl_implicitly_commits_open_transaction ... ok
test executor::tests::show_databases_and_cache_meta ... ok
test executor::tests::transaction_control_statements_reject_invalid_use ... ok
test executor::tests::related_with_qualified_seed ... ok
test executor::tests::permission_denied_with_restricted_directory ... ok
test executor::tests::search_current_db_only_by_default ... ok
test database::tests::create_drop_and_use_database ... ok
test database::tests::multi_db_ids_are_independent ... ok
test executor::tests::transaction_commit_persists_to_disk ... ok
test executor::tests::uncommitted_changes_are_invisible_after_crash_reopen ... ok

test result: ok. 46 passed; 0 failed; 0 ignored; 0 measured; 0 filtered out; finished in 4.69s

[1m[92m     Running[0m tests\database.rs (target\debug\deps\database-b9656befd3fe7d41.exe)

running 4 tests
test auto_extract_keywords_and_points ... ok
test crud_and_where_clauses ... ok
test large_record_spans_pages_and_auto_checkpoint ... ok
test reopen_preserves_state ... ok

test result: ok. 4 passed; 0 failed; 0 ignored; 0 measured; 0 filtered out; finished in 2.45s

[1m[92m     Running[0m unittests src\lib.rs (target\debug\deps\nebula_server-8115039c59b8ef80.exe)

running 12 tests
test protocol::tests::proof_roundtrip_and_reject ... ok
test protocol::tests::request_json_roundtrip ... ok
test protocol::tests::wrong_seq_frame_rejected ... ok
test protocol::tests::frame_roundtrip_over_tcpstream_pair ... ok
test server::tests::load_helpers_work ... ok
test server::tests::wrong_password_rejected ... ok
test server::tests::unknown_user_rejected ... ok
test client::tests::client_connect_sql_and_close ... ok
test server::tests::end_to_end_sql_over_tcp ... ok
test server::tests::use_persists_across_requests_on_connection ... ok
test server::tests::sequential_clients_see_all_records ... ok
test server::tests::multi_user_cluster_permissions ... ok

test result: ok. 12 passed; 0 failed; 0 ignored; 0 measured; 0 filtered out; finished in 6.25s

[1m[92m     Running[0m tests\e2e.rs (target\debug\deps\e2e-3593b77ac544ef9c.exe)

running 5 tests
test e2e_default_stopwords_load_without_panic ... ok
test e2e_concurrent_connections_share_committed_state ... ok
test e2e_single_server_full_crud_search_lifecycle ... ok
test e2e_transaction_rollback_commit_and_disconnect_cleanup ... ok
test e2e_cluster_users_privileges_and_ddl_implicit_commit ... ok

test result: ok. 5 passed; 0 failed; 0 ignored; 0 measured; 0 filtered out; finished in 4.45s

[1m[92m     Running[0m unittests src\lib.rs (target\debug\deps\nebula_sql-7b2eae892c37c597.exe)

running 24 tests
test lexer::tests::errors ... ok
test lexer::tests::basic_tokens ... ok
test parser::tests::database_ddl_errors ... ok
test parser::tests::errors ... ok
test parser::tests::cache_statement_errors ... ok
test parser::tests::insert_positional ... ok
test parser::tests::cache_statements ... ok
test parser::tests::search_related_errors ... ok
test parser::tests::database_ddl_statements ... ok
test lexer::tests::operators ... ok
test parser::tests::grant_revoke_errors ... ok
test parser::tests::grant_revoke_statements ... ok
test parser::tests::insert_with_columns ... ok
test parser::tests::meta_statements ... ok
test parser::tests::related_statement ... ok
test lexer::tests::float_and_percent ... ok
test parser::tests::delete_and_update ... ok
test lexer::tests::string_with_escape_and_chinese ... ok
test parser::tests::search_statement ... ok
test parser::tests::select_columns_and_or_parens ... ok
test parser::tests::select_star_where_and ... ok
test parser::tests::show_extended_statements ... ok
test parser::tests::user_management_errors ... ok
test parser::tests::user_management_statements ... ok

test result: ok. 24 passed; 0 failed; 0 ignored; 0 measured; 0 filtered out; finished in 0.00s

[1m[92m     Running[0m unittests src\lib.rs (target\debug\deps\nebula_storage-4e8c01d969a26f5c.exe)

running 3 tests
test pager::tests::rejects_non_nebula_file ... ok
test pager::tests::alloc_free_reuse ... ok
test pager::tests::create_open_roundtrip ... ok

test result: ok. 3 passed; 0 failed; 0 ignored; 0 measured; 0 filtered out; finished in 1.08s

[1m[92m     Running[0m tests\memory_file.rs (target\debug\deps\memory_file-eb17549558606e7a.exe)

running 4 tests
test free_record_reuses_pages ... ok
test catalog_not_left_dirty ... ok
test record_roundtrip_small_and_large ... ok
test snapshot_commit_and_reopen ... ok

test result: ok. 4 passed; 0 failed; 0 ignored; 0 measured; 0 filtered out; finished in 1.17s

[1m[92m     Running[0m unittests src\lib.rs (target\debug\deps\nebula_tokenizer-3f92185736605d55.exe)

running 9 tests
test tests::split_sentences_keeps_quotes ... ok
test stopwords::tests::json_has_no_empty_entries ... ok
test stopwords::tests::embedded_json_loads ... ok
test tests::stopwords_file_roundtrip ... ok
test tests::tokenize_cn_en_mixed ... ok
test tests::keywords_rank_content_terms ... ok
test tests::empty_and_noise_inputs ... ok
test tests::key_points_are_sentences ... ok
test tests::custom_stopword_set_overrides_default ... ok

test result: ok. 9 passed; 0 failed; 0 ignored; 0 measured; 0 filtered out; finished in 0.99s

[1m[92m   Doc-tests[0m nebula_cluster

running 0 tests

test result: ok. 0 passed; 0 failed; 0 ignored; 0 measured; 0 filtered out; finished in 0.00s

[1m[92m   Doc-tests[0m nebula_config

running 0 tests

test result: ok. 0 passed; 0 failed; 0 ignored; 0 measured; 0 filtered out; finished in 0.00s

[1m[92m   Doc-tests[0m nebula_core

running 0 tests

test result: ok. 0 passed; 0 failed; 0 ignored; 0 measured; 0 filtered out; finished in 0.00s

[1m[92m   Doc-tests[0m nebula_crypto

running 0 tests

test result: ok. 0 passed; 0 failed; 0 ignored; 0 measured; 0 filtered out; finished in 0.00s

[1m[92m   Doc-tests[0m nebula_engine

running 0 tests

test result: ok. 0 passed; 0 failed; 0 ignored; 0 measured; 0 filtered out; finished in 0.00s

[1m[92m   Doc-tests[0m nebula_server

running 0 tests

test result: ok. 0 passed; 0 failed; 0 ignored; 0 measured; 0 filtered out; finished in 0.00s

[1m[92m   Doc-tests[0m nebula_sql

running 0 tests

test result: ok. 0 passed; 0 failed; 0 ignored; 0 measured; 0 filtered out; finished in 0.00s

[1m[92m   Doc-tests[0m nebula_storage

running 0 tests

test result: ok. 0 passed; 0 failed; 0 ignored; 0 measured; 0 filtered out; finished in 0.00s

[1m[92m   Doc-tests[0m nebula_tokenizer

running 0 tests

test result: ok. 0 passed; 0 failed; 0 ignored; 0 measured; 0 filtered out; finished in 0.00s

